2026-08-22T19:43:05.793Z INFO  Listening for TotalMix on udp/9001, sending to 127.0.0.1:7001
2026-08-22T19:43:05.801Z INFO  First inbound OSC: 19 message(s). Sample: /1/labelS1, /1/labelS2, /1/labelS3, /1/labelS4, /1/labelS5, /1/labelS6, /1/labelS7, /1/labelS8
2026-08-22T19:43:19.311Z INFO  Global OSC: listening on udp/9002, sending to 127.0.0.1:7002
2026-08-22T19:43:19.312Z INFO  Global OSC out (trigger): /sendall = 1
2026-08-22T19:43:19.400Z INFO  Global OSC: first inbound, 1 message(s). Sample: /
2026-08-22T19:43:21.318Z INFO  Global OSC out (trigger): /sendall = 1
2026-08-22T19:43:23.327Z INFO  Global OSC out (trigger): /sendall = 1
2026-08-22T19:43:25.328Z INFO  Global OSC out (trigger): /sendall = 1
2026-08-22T19:43:27.336Z INFO  Global OSC out (trigger): /sendall = 1
2026-08-22T19:43:29.341Z INFO  Global OSC out (trigger): /sendall = 1
2026-08-22T19:43:31.351Z INFO  Global OSC out (trigger): /sendall = 1
2026-08-22T19:43:33.357Z INFO  Global OSC out (trigger): /sendall = 1
2026-08-22T19:43:35.372Z INFO  Global OSC out (trigger): /sendall = 1
2026-08-22T19:43:37.387Z INFO  Global OSC out (trigger): /sendall = 1
2026-08-22T19:43:39.395Z INFO  Global OSC out (trigger): /sendall = 1
2026-08-22T19:43:41.406Z INFO  Global OSC out (trigger): /sendall = 1
2026-08-22T19:43:43.408Z INFO  Global OSC out (trigger): /sendall = 1
2026-08-22T19:43:45.415Z INFO  Global OSC out (trigger): /sendall = 1
2026-08-22T19:43:47.427Z INFO  Global OSC out (trigger): /sendall = 1
2026-08-22T19:43:49.433Z INFO  Global OSC out (trigger): /sendall = 1
2026-08-22T19:43:51.433Z INFO  Global OSC out (trigger): /sendall = 1
2026-08-22T19:43:53.447Z INFO  Global OSC out (trigger): /sendall = 1
2026-08-22T19:43:55.457Z INFO  Global OSC out (trigger): /sendall = 1
2026-08-22T19:43:57.470Z INFO  Global OSC out (trigger): /sendall = 1
2026-08-22T19:43:59.484Z INFO  Global OSC out (trigger): /sendall = 1
2026-08-22T19:44:01.486Z INFO  Global OSC out (trigger): /sendall = 1
2026-08-22T19:44:03.495Z INFO  Global OSC out (trigger): /sendall = 1
2026-08-22T19:44:05.506Z INFO  Global OSC out (trigger): /sendall = 1
2026-08-22T19:44:07.519Z INFO  Global OSC out (trigger): /sendall = 1
2026-08-22T19:44:09.523Z INFO  Global OSC out (trigger): /sendall = 1
2026-08-22T19:44:11.534Z INFO  Global OSC out (trigger): /sendall = 1
2026-08-22T19:44:13.544Z INFO  Global OSC out (trigger): /sendall = 1
2026-08-22T19:44:15.555Z INFO  Global OSC out (trigger): /sendall = 1
2026-08-22T19:44:17.562Z INFO  Global OSC out (trigger): /sendall = 1
2026-08-22T19:44:19.570Z INFO  Global OSC out (trigger): /sendall = 1
2026-08-22T19:44:21.575Z INFO  Global OSC out (trigger): /sendall = 1
2026-08-22T19:44:23.581Z INFO  Global OSC out (trigger): /sendall = 1
2026-08-22T19:44:25.589Z INFO  Global OSC out (trigger): /sendall = 1
2026-08-22T19:44:27.603Z INFO  Global OSC out (trigger): /sendall = 1
2026-08-22T19:44:29.608Z INFO  Global OSC out (trigger): /sendall = 1
2026-08-22T19:44:31.612Z INFO  Global OSC out (trigger): /sendall = 1
2026-08-22T19:44:33.619Z INFO  Global OSC out (trigger): /sendall = 1
2026-08-22T19:44:35.630Z INFO  Global OSC out (trigger): /sendall = 1
2026-08-22T19:44:37.641Z INFO  Global OSC out (trigger): /sendall = 1
2026-08-22T19:44:39.645Z INFO  Global OSC out (trigger): /sendall = 1
2026-08-22T19:44:41.656Z INFO  Global OSC out (trigger): /sendall = 1
2026-08-22T19:44:43.670Z INFO  Global OSC out (trigger): /sendall = 1
2026-08-22T19:44:45.680Z INFO  Global OSC out (trigger): /sendall = 1
2026-08-22T19:44:47.690Z INFO  Global OSC out (trigger): /sendall = 1
2026-08-22T19:44:49.703Z INFO  Global OSC out (trigger): /sendall = 1
2026-08-22T19:44:51.711Z INFO  Global OSC out (trigger): /sendall = 1
2026-08-22T19:44:53.714Z INFO  Global OSC out (trigger): /sendall = 1
2026-08-22T19:44:55.728Z INFO  Global OSC out (trigger): /sendall = 1
2026-08-22T19:44:57.727Z INFO  Global OSC out (trigger): /sendall = 1
2026-08-22T19:44:59.739Z INFO  Global OSC out (trigger): /sendall = 1
2026-08-22T19:45:01.740Z INFO  Global OSC out (trigger): /sendall = 1
2026-08-22T19:45:03.752Z INFO  Global OSC out (trigger): /sendall = 1
2026-08-22T19:45:05.765Z INFO  Global OSC out (trigger): /sendall = 1
2026-08-22T19:45:07.767Z INFO  Global OSC out (trigger): /sendall = 1
2026-08-22T19:45:09.780Z INFO  Global OSC out (trigger): /sendall = 1
2026-08-22T19:45:11.793Z INFO  Global OSC out (trigger): /sendall = 1
2026-08-22T19:45:13.808Z INFO  Global OSC out (trigger): /sendall = 1
2026-08-22T19:45:15.819Z INFO  Global OSC out (trigger): /sendall = 1
2026-08-22T19:45:17.827Z INFO  Global OSC out (trigger): /sendall = 1
2026-08-22T19:45:19.836Z INFO  Global OSC out (trigger): /sendall = 1
2026-08-22T19:45:21.839Z INFO  Global OSC out (trigger): /sendall = 1
2026-08-22T19:45:23.843Z INFO  Global OSC out (trigger): /sendall = 1
2026-08-22T19:45:25.845Z INFO  Global OSC out (trigger): /sendall = 1
2026-08-22T19:45:27.852Z INFO  Global OSC out (trigger): /sendall = 1
2026-08-22T19:45:29.864Z INFO  Global OSC out (trigger): /sendall = 1
2026-08-22T19:45:31.875Z INFO  Global OSC out (trigger): /sendall = 1
2026-08-22T19:45:33.876Z INFO  Global OSC out (trigger): /sendall = 1
2026-08-22T19:45:35.880Z INFO  Global OSC out (trigger): /sendall = 1
2026-08-22T19:45:37.889Z INFO  Global OSC out (trigger): /sendall = 1
2026-08-22T19:45:39.899Z INFO  Global OSC out (trigger): /sendall = 1
2026-08-22T19:45:41.902Z INFO  Global OSC out (trigger): /sendall = 1
2026-08-22T19:45:43.904Z INFO  Global OSC out (trigger): /sendall = 1
2026-08-22T19:45:45.905Z INFO  Global OSC out (trigger): /sendall = 1
2026-08-22T19:45:47.910Z INFO  Global OSC out (trigger): /sendall = 1
2026-08-22T19:45:49.914Z INFO  Global OSC out (trigger): /sendall = 1
2026-08-22T19:45:51.918Z INFO  Global OSC out (trigger): /sendall = 1
2026-08-22T19:45:53.919Z INFO  Global OSC out (trigger): /sendall = 1
2026-08-22T19:45:55.933Z INFO  Global OSC out (trigger): /sendall = 1
2026-08-22T19:45:57.947Z INFO  Global OSC out (trigger): /sendall = 1
2026-08-22T19:45:59.958Z INFO  Global OSC out (trigger): /sendall = 1
2026-08-22T19:46:01.958Z INFO  Global OSC out (trigger): /sendall = 1
2026-08-22T19:46:03.971Z INFO  Global OSC out (trigger): /sendall = 1
2026-08-22T19:46:05.976Z INFO  Global OSC out (trigger): /sendall = 1
2026-08-22T19:46:07.983Z INFO  Global OSC out (trigger): /sendall = 1
2026-08-22T19:46:09.998Z INFO  Global OSC out (trigger): /sendall = 1
2026-08-22T19:46:11.998Z INFO  Global OSC out (trigger): /sendall = 1
2026-08-22T19:46:14.000Z INFO  Global OSC out (trigger): /sendall = 1
2026-08-22T19:46:16.006Z INFO  Global OSC out (trigger): /sendall = 1
2026-08-22T19:46:18.019Z INFO  Global OSC out (trigger): /sendall = 1
2026-08-22T19:46:20.020Z INFO  Global OSC out (trigger): /sendall = 1
2026-08-22T19:46:22.029Z INFO  Global OSC out (trigger): /sendall = 1
2026-08-22T19:46:24.033Z INFO  Global OSC out (trigger): /sendall = 1
2026-08-22T19:46:26.047Z INFO  Global OSC out (trigger): /sendall = 1
2026-08-22T19:46:28.056Z INFO  Global OSC out (trigger): /sendall = 1
2026-08-22T19:46:30.063Z INFO  Global OSC out (trigger): /sendall = 1
2026-08-22T19:46:32.075Z INFO  Global OSC out (trigger): /sendall = 1
2026-08-22T19:46:34.078Z INFO  Global OSC out (trigger): /sendall = 1
2026-08-22T19:46:36.082Z INFO  Global OSC out (trigger): /sendall = 1
2026-08-22T19:46:38.086Z INFO  Global OSC out (trigger): /sendall = 1
2026-08-22T19:46:40.098Z INFO  Global OSC out (trigger): /sendall = 1
2026-08-22T19:46:42.111Z INFO  Global OSC out (trigger): /sendall = 1
2026-08-22T19:46:44.123Z INFO  Global OSC out (trigger): /sendall = 1
2026-08-22T19:46:46.125Z INFO  Global OSC out (trigger): /sendall = 1
2026-08-22T19:46:48.133Z INFO  Global OSC out (trigger): /sendall = 1
2026-08-22T19:46:50.148Z INFO  Global OSC out (trigger): /sendall = 1
2026-08-22T19:46:52.163Z INFO  Global OSC out (trigger): /sendall = 1
2026-08-22T19:46:54.168Z INFO  Global OSC out (trigger): /sendall = 1
2026-08-22T19:46:56.180Z INFO  Global OSC out (trigger): /sendall = 1
2026-08-22T19:46:58.182Z INFO  Global OSC out (trigger): /sendall = 1
2026-08-22T19:47:00.185Z INFO  Global OSC out (trigger): /sendall = 1
2026-08-22T19:47:02.188Z INFO  Global OSC out (trigger): /sendall = 1
2026-08-22T19:47:04.201Z INFO  Global OSC out (trigger): /sendall = 1
2026-08-22T19:47:06.209Z INFO  Global OSC out (trigger): /sendall = 1
2026-08-22T19:47:08.212Z INFO  Global OSC out (trigger): /sendall = 1
2026-08-22T19:47:10.222Z INFO  Global OSC out (trigger): /sendall = 1
2026-08-22T19:47:12.232Z INFO  Global OSC out (trigger): /sendall = 1
2026-08-22T19:47:12.520Z INFO  PI -> plugin: {"event":"getStrips"}
2026-08-22T19:47:12.787Z INFO  Datasource reply: 24 strips, 16 with names
2026-08-22T19:47:14.247Z INFO  Global OSC out (trigger): /sendall = 1
2026-08-22T19:47:16.259Z INFO  Global OSC out (trigger): /sendall = 1
2026-08-22T19:47:18.264Z INFO  Global OSC out (trigger): /sendall = 1
