2026-08-21T14:31:22.283Z DEBUG RegistrationParameters: port=28196
2026-08-21T14:31:22.283Z DEBUG RegistrationParameters: pluginUUID=699dba1299596f1c27b5c031943b8aa1
2026-08-21T14:31:22.284Z DEBUG RegistrationParameters: registerEvent=registerPlugin
2026-08-21T14:31:22.284Z DEBUG RegistrationParameters: info={"application":{"font":"Segoe UI","language":"en","platform":"windows","platformVersion":"10.0.26200","version":"7.5.1.22901"},"colors":{"buttonMouseOverBackgroundColor":"#464646FF","buttonPressedBackgroundColor":"#303030FF","buttonPressedBorderColor":"#646464FF","buttonPressedTextColor":"#969696FF","highlightColor":"#0078FFFF"},"devicePixelRatio":2,"devices":[{"id":"7ae7bef350ffc4822837a57722daeaf4","name":"Stream Deck 2","size":{"columns":5,"rows":3},"type":0},{"id":"812b91a5ea91c62276f6e5c7321a879e","name":"Stream Deck +","size":{"columns":4,"rows":2},"type":7},{"id":"8f6b710af0272c2a9f3bccf4004e44bc","name":"Stream Deck 64","size":{"columns":5,"rows":3},"type":0}],"plugin":{"uuid":"de.shells.totalmix","version":"4.2.1.0"}}
2026-08-21T14:31:23.530Z INFO  Listening for TotalMix on udp/9001, sending to 127.0.0.1:7001
2026-08-21T14:31:23.532Z DEBUG OSC out: /2/mute = 0
2026-08-21T14:31:23.532Z DEBUG OSC out: /1/globalMute = 0
2026-08-21T14:31:23.554Z INFO  First inbound OSC: 19 message(s). Sample: /1/labelS1, /1/labelS2, /1/labelS3, /1/labelS4, /1/labelS5, /1/labelS6, /1/labelS7, /1/labelS8
2026-08-21T14:31:23.938Z DEBUG OSC out: /1/busPlayback = 1
2026-08-21T14:31:24.352Z DEBUG OSC out: /1/busInput = 1
2026-08-21T14:32:40.478Z DEBUG OSC out: /1/busInput = 1
2026-08-21T14:32:40.478Z INFO  Key press: set /1/mute/1/1 = 1
2026-08-21T14:32:40.478Z DEBUG OSC out: /1/mute/1/1 = 1
2026-08-21T14:32:43.854Z DEBUG OSC out: /1/busInput = 1
2026-08-21T14:32:43.855Z INFO  Key press: set /1/mute/1/1 = 0
2026-08-21T14:32:43.855Z DEBUG OSC out: /1/mute/1/1 = 0
2026-08-21T14:34:42.449Z DEBUG OSC out: /1/busInput = 1
2026-08-21T14:34:42.450Z INFO  Key press: set /1/mute/1/1 = 1
2026-08-21T14:34:42.450Z DEBUG OSC out: /1/mute/1/1 = 1
2026-08-21T14:34:43.958Z DEBUG OSC out: /1/busInput = 1
2026-08-21T14:34:43.958Z INFO  Key press: set /1/mute/1/1 = 0
2026-08-21T14:34:43.959Z DEBUG OSC out: /1/mute/1/1 = 0
2026-08-21T14:40:01.999Z DEBUG OSC out: /1/busInput = 1
2026-08-21T14:40:01.999Z INFO  Key press: set /1/mute/1/1 = 1
2026-08-21T14:40:01.999Z DEBUG OSC out: /1/mute/1/1 = 1
2026-08-21T14:40:05.666Z DEBUG OSC out: /1/busInput = 1
2026-08-21T14:40:05.666Z INFO  Key press: set /1/mute/1/1 = 0
2026-08-21T14:40:05.666Z DEBUG OSC out: /1/mute/1/1 = 0
2026-08-21T14:40:07.198Z DEBUG OSC out: /1/busInput = 1
2026-08-21T14:40:07.198Z INFO  Key press: set /1/mute/1/1 = 1
2026-08-21T14:40:07.198Z DEBUG OSC out: /1/mute/1/1 = 1
2026-08-21T14:40:36.486Z DEBUG OSC out: /1/busInput = 1
2026-08-21T14:40:38.925Z INFO  Key press: set /1/mute/1/1 = 0
2026-08-21T14:40:38.927Z DEBUG OSC out: /1/mute/1/1 = 0
2026-08-21T14:40:39.004Z DEBUG OSC out: /1/busInput = 1
2026-08-21T14:40:39.005Z INFO  Key press: set /1/mute/1/1 = 1
2026-08-21T14:40:39.005Z DEBUG OSC out: /1/mute/1/1 = 1
2026-08-21T14:40:39.005Z DEBUG OSC out: /1/busInput = 1
2026-08-21T14:40:39.006Z INFO  Key press: set /1/mute/1/1 = 1
2026-08-21T14:40:39.006Z DEBUG OSC out: /1/mute/1/1 = 1
2026-08-21T14:40:40.032Z DEBUG OSC out: /1/busInput = 1
2026-08-21T14:40:40.033Z INFO  Key press: set /1/mute/1/1 = 0
2026-08-21T14:40:40.033Z DEBUG OSC out: /1/mute/1/1 = 0
2026-08-21T14:40:42.692Z DEBUG OSC out: /1/busPlayback = 1
2026-08-21T14:40:44.245Z DEBUG OSC out: /1/busPlayback = 1
2026-08-21T14:40:47.584Z DEBUG OSC out: /1/busPlayback = 1
2026-08-21T14:40:48.931Z DEBUG OSC out: /1/busPlayback = 1
2026-08-21T14:42:57.438Z DEBUG OSC out: /1/busPlayback = 1
2026-08-21T14:42:58.213Z DEBUG OSC out: /1/busPlayback = 1
2026-08-21T14:42:58.646Z DEBUG OSC out: /1/busPlayback = 1
2026-08-21T14:42:59.127Z DEBUG OSC out: /1/busPlayback = 1
2026-08-21T14:42:59.625Z DEBUG OSC out: /1/busPlayback = 1
2026-08-21T14:44:51.996Z DEBUG OSC out: /1/busInput = 1
2026-08-21T14:44:51.997Z INFO  Key press: set /1/mute/1/1 = 1
2026-08-21T14:44:51.997Z DEBUG OSC out: /1/mute/1/1 = 1
