2026-08-20T13:59:10.731Z DEBUG RegistrationParameters: port=28196
2026-08-20T13:59:10.732Z DEBUG RegistrationParameters: pluginUUID=fdef8789acb636f6691b120c38fbeb5d
2026-08-20T13:59:10.733Z DEBUG RegistrationParameters: registerEvent=registerPlugin
2026-08-20T13:59:10.733Z DEBUG RegistrationParameters: info={"application":{"font":"Segoe UI","language":"en","platform":"windows","platformVersion":"10.0.26200","version":"7.5.1.22901"},"colors":{"buttonMouseOverBackgroundColor":"#464646FF","buttonPressedBackgroundColor":"#303030FF","buttonPressedBorderColor":"#646464FF","buttonPressedTextColor":"#969696FF","highlightColor":"#0078FFFF"},"devicePixelRatio":2,"devices":[{"id":"7ae7bef350ffc4822837a57722daeaf4","name":"Stream Deck 2","size":{"columns":5,"rows":3},"type":0},{"id":"812b91a5ea91c62276f6e5c7321a879e","name":"Stream Deck +","size":{"columns":4,"rows":2},"type":7},{"id":"8f6b710af0272c2a9f3bccf4004e44bc","name":"Stream Deck 64","size":{"columns":5,"rows":3},"type":0}],"plugin":{"uuid":"de.shells.totalmix","version":"4.0.7.0"}}
2026-08-20T13:59:10.763Z INFO  Listening for TotalMix on udp/9001, sending to 127.0.0.1:7001
2026-08-20T13:59:10.766Z DEBUG OSC out: /2/mute = 0
2026-08-20T13:59:10.766Z DEBUG OSC out: /1/globalMute = 0
2026-08-20T13:59:10.799Z INFO  First inbound OSC: 19 message(s). Sample: /1/labelS1, /1/labelS2, /1/labelS3, /1/labelS4, /1/labelS5, /1/labelS6, /1/labelS7, /1/labelS8
2026-08-20T13:59:11.165Z DEBUG OSC out: /1/busPlayback = 1
2026-08-20T13:59:11.573Z DEBUG OSC out: /1/busInput = 1
2026-08-20T13:59:14.933Z DEBUG OSC out: /1/busInput = 1
2026-08-20T13:59:14.933Z INFO  Key press: set /1/mute/1/1 = 1
2026-08-20T13:59:14.934Z DEBUG OSC out: /1/mute/1/1 = 1
2026-08-20T13:59:15.942Z DEBUG OSC out: /1/busInput = 1
2026-08-20T13:59:15.943Z INFO  Key press: set /1/mute/1/1 = 0
2026-08-20T13:59:15.943Z DEBUG OSC out: /1/mute/1/1 = 0
2026-08-20T13:59:17.889Z DEBUG OSC out: /1/busPlayback = 1
2026-08-20T13:59:18.421Z DEBUG OSC out: /1/busPlayback = 1
2026-08-20T13:59:18.955Z DEBUG OSC out: /1/busPlayback = 1
2026-08-20T13:59:21.172Z DEBUG OSC out: /1/busInput = 1
2026-08-20T13:59:21.722Z DEBUG OSC out: /1/busInput = 1
2026-08-20T13:59:22.347Z DEBUG OSC out: /1/busInput = 1
2026-08-20T14:09:28.437Z DEBUG OSC out: /3/snapshots/8/1 = 1
2026-08-20T14:09:30.254Z DEBUG OSC out: /3/snapshots/7/1 = 1
2026-08-20T14:09:32.187Z DEBUG OSC out: /3/snapshots/8/1 = 1
