2026-08-21T05:50:53.986Z DEBUG RegistrationParameters: port=28196
2026-08-21T05:50:53.987Z DEBUG RegistrationParameters: pluginUUID=a81c2e8189903c2899bf583fc268d1c9
2026-08-21T05:50:53.987Z DEBUG RegistrationParameters: registerEvent=registerPlugin
2026-08-21T05:50:53.987Z DEBUG RegistrationParameters: info={"application":{"font":"Segoe UI","language":"en","platform":"windows","platformVersion":"10.0.26200","version":"7.5.1.22901"},"colors":{"buttonMouseOverBackgroundColor":"#464646FF","buttonPressedBackgroundColor":"#303030FF","buttonPressedBorderColor":"#646464FF","buttonPressedTextColor":"#969696FF","highlightColor":"#0078FFFF"},"devicePixelRatio":2,"devices":[{"id":"7ae7bef350ffc4822837a57722daeaf4","name":"Stream Deck 2","size":{"columns":5,"rows":3},"type":0},{"id":"812b91a5ea91c62276f6e5c7321a879e","name":"Stream Deck +","size":{"columns":4,"rows":2},"type":7},{"id":"8f6b710af0272c2a9f3bccf4004e44bc","name":"Stream Deck 64","size":{"columns":5,"rows":3},"type":0}],"plugin":{"uuid":"de.shells.totalmix","version":"4.0.7.0"}}
2026-08-21T05:50:55.332Z INFO  Listening for TotalMix on udp/9002, sending to 127.0.0.1:7002
2026-08-21T05:50:55.332Z INFO  Listening for TotalMix on udp/9001, sending to 127.0.0.1:7001
2026-08-21T05:50:55.334Z DEBUG OSC out: /2/mute = 0
2026-08-21T05:50:55.334Z DEBUG OSC out: /1/globalMute = 0
2026-08-21T05:50:55.335Z DEBUG OSC out: /2/mute = 0
2026-08-21T05:50:55.335Z DEBUG OSC out: /1/globalMute = 0
2026-08-21T05:50:57.335Z DEBUG OSC out: /2/mute = 0
2026-08-21T05:50:57.336Z DEBUG OSC out: /1/globalMute = 0
2026-08-21T05:50:57.336Z DEBUG OSC out: /2/mute = 0
2026-08-21T05:50:57.336Z DEBUG OSC out: /1/globalMute = 0
2026-08-21T05:50:59.348Z DEBUG OSC out: /2/mute = 0
2026-08-21T05:50:59.348Z DEBUG OSC out: /1/globalMute = 0
2026-08-21T05:50:59.349Z DEBUG OSC out: /2/mute = 0
2026-08-21T05:50:59.349Z DEBUG OSC out: /1/globalMute = 0
2026-08-21T05:51:01.355Z DEBUG OSC out: /2/mute = 0
2026-08-21T05:51:01.355Z DEBUG OSC out: /1/globalMute = 0
2026-08-21T05:51:01.355Z DEBUG OSC out: /2/mute = 0
2026-08-21T05:51:01.356Z DEBUG OSC out: /1/globalMute = 0
2026-08-21T05:51:03.368Z DEBUG OSC out: /2/mute = 0
2026-08-21T05:51:03.369Z DEBUG OSC out: /1/globalMute = 0
2026-08-21T05:51:03.369Z DEBUG OSC out: /2/mute = 0
2026-08-21T05:51:03.370Z DEBUG OSC out: /1/globalMute = 0
2026-08-21T05:51:05.373Z DEBUG OSC out: /2/mute = 0
2026-08-21T05:51:05.373Z DEBUG OSC out: /1/globalMute = 0
2026-08-21T05:51:05.374Z DEBUG OSC out: /2/mute = 0
2026-08-21T05:51:05.374Z DEBUG OSC out: /1/globalMute = 0
2026-08-21T05:51:07.383Z DEBUG OSC out: /2/mute = 0
2026-08-21T05:51:07.384Z DEBUG OSC out: /1/globalMute = 0
2026-08-21T05:51:07.384Z DEBUG OSC out: /2/mute = 0
2026-08-21T05:51:07.384Z DEBUG OSC out: /1/globalMute = 0
2026-08-21T05:51:09.394Z DEBUG OSC out: /2/mute = 0
2026-08-21T05:51:09.394Z DEBUG OSC out: /1/globalMute = 0
2026-08-21T05:51:09.395Z DEBUG OSC out: /2/mute = 0
2026-08-21T05:51:09.395Z DEBUG OSC out: /1/globalMute = 0
2026-08-21T05:51:11.406Z DEBUG OSC out: /2/mute = 0
2026-08-21T05:51:11.406Z DEBUG OSC out: /1/globalMute = 0
2026-08-21T05:51:11.407Z DEBUG OSC out: /2/mute = 0
2026-08-21T05:51:11.407Z DEBUG OSC out: /1/globalMute = 0
2026-08-21T05:51:13.416Z DEBUG OSC out: /2/mute = 0
2026-08-21T05:51:13.416Z DEBUG OSC out: /1/globalMute = 0
2026-08-21T05:51:13.417Z DEBUG OSC out: /2/mute = 0
2026-08-21T05:51:13.417Z DEBUG OSC out: /1/globalMute = 0
2026-08-21T05:51:15.427Z DEBUG OSC out: /2/mute = 0
2026-08-21T05:51:15.428Z DEBUG OSC out: /1/globalMute = 0
2026-08-21T05:51:15.428Z DEBUG OSC out: /2/mute = 0
2026-08-21T05:51:15.428Z DEBUG OSC out: /1/globalMute = 0
2026-08-21T05:51:17.440Z DEBUG OSC out: /2/mute = 0
2026-08-21T05:51:17.440Z DEBUG OSC out: /1/globalMute = 0
2026-08-21T05:51:17.441Z DEBUG OSC out: /2/mute = 0
2026-08-21T05:51:17.441Z DEBUG OSC out: /1/globalMute = 0
2026-08-21T05:51:19.449Z DEBUG OSC out: /2/mute = 0
2026-08-21T05:51:19.449Z DEBUG OSC out: /1/globalMute = 0
2026-08-21T05:51:19.450Z DEBUG OSC out: /2/mute = 0
2026-08-21T05:51:19.450Z DEBUG OSC out: /1/globalMute = 0
2026-08-21T05:51:21.454Z DEBUG OSC out: /2/mute = 0
2026-08-21T05:51:21.454Z DEBUG OSC out: /1/globalMute = 0
2026-08-21T05:51:21.454Z DEBUG OSC out: /2/mute = 0
2026-08-21T05:51:21.455Z DEBUG OSC out: /1/globalMute = 0
2026-08-21T05:51:23.458Z DEBUG OSC out: /2/mute = 0
2026-08-21T05:51:23.459Z DEBUG OSC out: /1/globalMute = 0
2026-08-21T05:51:23.459Z DEBUG OSC out: /2/mute = 0
2026-08-21T05:51:23.459Z DEBUG OSC out: /1/globalMute = 0
2026-08-21T05:51:25.470Z DEBUG OSC out: /2/mute = 0
2026-08-21T05:51:25.470Z DEBUG OSC out: /1/globalMute = 0
2026-08-21T05:51:25.470Z DEBUG OSC out: /2/mute = 0
2026-08-21T05:51:25.471Z DEBUG OSC out: /1/globalMute = 0
2026-08-21T05:51:27.480Z DEBUG OSC out: /2/mute = 0
2026-08-21T05:51:27.481Z DEBUG OSC out: /1/globalMute = 0
2026-08-21T05:51:27.481Z DEBUG OSC out: /2/mute = 0
2026-08-21T05:51:27.481Z DEBUG OSC out: /1/globalMute = 0
2026-08-21T05:51:29.492Z DEBUG OSC out: /2/mute = 0
2026-08-21T05:51:29.492Z DEBUG OSC out: /1/globalMute = 0
2026-08-21T05:51:29.493Z DEBUG OSC out: /2/mute = 0
2026-08-21T05:51:29.493Z DEBUG OSC out: /1/globalMute = 0
2026-08-21T05:51:31.502Z DEBUG OSC out: /2/mute = 0
2026-08-21T05:51:31.502Z DEBUG OSC out: /1/globalMute = 0
2026-08-21T05:51:31.502Z DEBUG OSC out: /2/mute = 0
2026-08-21T05:51:31.503Z DEBUG OSC out: /1/globalMute = 0
2026-08-21T05:51:33.516Z DEBUG OSC out: /2/mute = 0
2026-08-21T05:51:33.516Z DEBUG OSC out: /1/globalMute = 0
2026-08-21T05:51:33.516Z DEBUG OSC out: /2/mute = 0
2026-08-21T05:51:33.517Z DEBUG OSC out: /1/globalMute = 0
2026-08-21T05:51:35.523Z DEBUG OSC out: /2/mute = 0
2026-08-21T05:51:35.524Z DEBUG OSC out: /1/globalMute = 0
2026-08-21T05:51:35.524Z DEBUG OSC out: /2/mute = 0
2026-08-21T05:51:35.525Z DEBUG OSC out: /1/globalMute = 0
2026-08-21T05:51:37.531Z DEBUG OSC out: /2/mute = 0
2026-08-21T05:51:37.532Z DEBUG OSC out: /1/globalMute = 0
2026-08-21T05:51:37.532Z DEBUG OSC out: /2/mute = 0
2026-08-21T05:51:37.532Z DEBUG OSC out: /1/globalMute = 0
2026-08-21T05:51:39.546Z DEBUG OSC out: /2/mute = 0
2026-08-21T05:51:39.546Z DEBUG OSC out: /1/globalMute = 0
2026-08-21T05:51:39.547Z DEBUG OSC out: /2/mute = 0
2026-08-21T05:51:39.547Z DEBUG OSC out: /1/globalMute = 0
2026-08-21T05:51:41.560Z DEBUG OSC out: /2/mute = 0
2026-08-21T05:51:41.560Z DEBUG OSC out: /1/globalMute = 0
2026-08-21T05:51:41.561Z DEBUG OSC out: /2/mute = 0
2026-08-21T05:51:41.561Z DEBUG OSC out: /1/globalMute = 0
2026-08-21T05:51:43.564Z DEBUG OSC out: /2/mute = 0
2026-08-21T05:51:43.565Z DEBUG OSC out: /1/globalMute = 0
2026-08-21T05:51:43.565Z DEBUG OSC out: /2/mute = 0
2026-08-21T05:51:43.566Z DEBUG OSC out: /1/globalMute = 0
2026-08-21T05:51:45.566Z DEBUG OSC out: /2/mute = 0
2026-08-21T05:51:45.567Z DEBUG OSC out: /1/globalMute = 0
2026-08-21T05:51:45.567Z DEBUG OSC out: /2/mute = 0
2026-08-21T05:51:45.567Z DEBUG OSC out: /1/globalMute = 0
2026-08-21T05:51:47.574Z DEBUG OSC out: /2/mute = 0
2026-08-21T05:51:47.575Z DEBUG OSC out: /1/globalMute = 0
2026-08-21T05:51:47.575Z DEBUG OSC out: /2/mute = 0
2026-08-21T05:51:47.575Z DEBUG OSC out: /1/globalMute = 0
2026-08-21T05:51:49.585Z DEBUG OSC out: /2/mute = 0
2026-08-21T05:51:49.585Z DEBUG OSC out: /1/globalMute = 0
2026-08-21T05:51:49.586Z DEBUG OSC out: /2/mute = 0
2026-08-21T05:51:49.586Z DEBUG OSC out: /1/globalMute = 0
2026-08-21T05:51:51.592Z DEBUG OSC out: /2/mute = 0
2026-08-21T05:51:51.592Z DEBUG OSC out: /1/globalMute = 0
2026-08-21T05:51:51.593Z DEBUG OSC out: /2/mute = 0
2026-08-21T05:51:51.593Z DEBUG OSC out: /1/globalMute = 0
2026-08-21T05:51:53.597Z DEBUG OSC out: /2/mute = 0
2026-08-21T05:51:53.598Z DEBUG OSC out: /1/globalMute = 0
2026-08-21T05:51:53.598Z DEBUG OSC out: /2/mute = 0
2026-08-21T05:51:53.598Z DEBUG OSC out: /1/globalMute = 0
2026-08-21T05:51:55.612Z DEBUG OSC out: /2/mute = 0
2026-08-21T05:51:55.612Z DEBUG OSC out: /1/globalMute = 0
2026-08-21T05:51:55.613Z DEBUG OSC out: /2/mute = 0
2026-08-21T05:51:55.613Z DEBUG OSC out: /1/globalMute = 0
2026-08-21T05:51:57.616Z DEBUG OSC out: /2/mute = 0
2026-08-21T05:51:57.617Z DEBUG OSC out: /1/globalMute = 0
2026-08-21T05:51:57.617Z DEBUG OSC out: /2/mute = 0
2026-08-21T05:51:57.618Z DEBUG OSC out: /1/globalMute = 0
2026-08-21T05:51:59.630Z DEBUG OSC out: /2/mute = 0
2026-08-21T05:51:59.630Z DEBUG OSC out: /1/globalMute = 0
2026-08-21T05:51:59.631Z DEBUG OSC out: /2/mute = 0
2026-08-21T05:51:59.631Z DEBUG OSC out: /1/globalMute = 0
2026-08-21T05:52:01.645Z DEBUG OSC out: /2/mute = 0
2026-08-21T05:52:01.645Z DEBUG OSC out: /1/globalMute = 0
2026-08-21T05:52:01.646Z DEBUG OSC out: /2/mute = 0
2026-08-21T05:52:01.646Z DEBUG OSC out: /1/globalMute = 0
2026-08-21T05:52:03.650Z DEBUG OSC out: /2/mute = 0
2026-08-21T05:52:03.650Z DEBUG OSC out: /1/globalMute = 0
2026-08-21T05:52:03.650Z DEBUG OSC out: /2/mute = 0
2026-08-21T05:52:03.651Z DEBUG OSC out: /1/globalMute = 0
2026-08-21T05:52:05.652Z DEBUG OSC out: /2/mute = 0
2026-08-21T05:52:05.652Z DEBUG OSC out: /1/globalMute = 0
2026-08-21T05:52:05.653Z DEBUG OSC out: /2/mute = 0
2026-08-21T05:52:05.653Z DEBUG OSC out: /1/globalMute = 0
2026-08-21T05:52:07.660Z DEBUG OSC out: /2/mute = 0
2026-08-21T05:52:07.660Z DEBUG OSC out: /1/globalMute = 0
2026-08-21T05:52:07.661Z DEBUG OSC out: /2/mute = 0
2026-08-21T05:52:07.661Z DEBUG OSC out: /1/globalMute = 0
2026-08-21T05:52:09.662Z DEBUG OSC out: /2/mute = 0
2026-08-21T05:52:09.663Z DEBUG OSC out: /1/globalMute = 0
2026-08-21T05:52:09.663Z DEBUG OSC out: /2/mute = 0
2026-08-21T05:52:09.664Z DEBUG OSC out: /1/globalMute = 0
2026-08-21T05:52:11.675Z DEBUG OSC out: /2/mute = 0
2026-08-21T05:52:11.676Z DEBUG OSC out: /1/globalMute = 0
2026-08-21T05:52:11.676Z DEBUG OSC out: /2/mute = 0
2026-08-21T05:52:11.677Z DEBUG OSC out: /1/globalMute = 0
2026-08-21T05:52:13.677Z DEBUG OSC out: /2/mute = 0
2026-08-21T05:52:13.677Z DEBUG OSC out: /1/globalMute = 0
2026-08-21T05:52:13.678Z DEBUG OSC out: /2/mute = 0
2026-08-21T05:52:13.678Z DEBUG OSC out: /1/globalMute = 0
2026-08-21T05:52:15.689Z DEBUG OSC out: /2/mute = 0
2026-08-21T05:52:15.689Z DEBUG OSC out: /1/globalMute = 0
2026-08-21T05:52:15.690Z DEBUG OSC out: /2/mute = 0
2026-08-21T05:52:15.690Z DEBUG OSC out: /1/globalMute = 0
2026-08-21T05:52:17.701Z DEBUG OSC out: /2/mute = 0
2026-08-21T05:52:17.702Z DEBUG OSC out: /1/globalMute = 0
2026-08-21T05:52:17.702Z DEBUG OSC out: /2/mute = 0
2026-08-21T05:52:17.703Z DEBUG OSC out: /1/globalMute = 0
2026-08-21T05:52:19.716Z DEBUG OSC out: /2/mute = 0
2026-08-21T05:52:19.717Z DEBUG OSC out: /1/globalMute = 0
2026-08-21T05:52:19.717Z DEBUG OSC out: /2/mute = 0
2026-08-21T05:52:19.718Z DEBUG OSC out: /1/globalMute = 0
2026-08-21T05:52:21.716Z DEBUG OSC out: /2/mute = 0
2026-08-21T05:52:21.717Z DEBUG OSC out: /1/globalMute = 0
2026-08-21T05:52:21.717Z DEBUG OSC out: /2/mute = 0
2026-08-21T05:52:21.718Z DEBUG OSC out: /1/globalMute = 0
2026-08-21T05:52:23.717Z DEBUG OSC out: /2/mute = 0
2026-08-21T05:52:23.717Z DEBUG OSC out: /1/globalMute = 0
2026-08-21T05:52:23.718Z DEBUG OSC out: /2/mute = 0
2026-08-21T05:52:23.718Z DEBUG OSC out: /1/globalMute = 0
2026-08-21T05:52:25.728Z DEBUG OSC out: /2/mute = 0
2026-08-21T05:52:25.729Z DEBUG OSC out: /1/globalMute = 0
2026-08-21T05:52:25.729Z DEBUG OSC out: /2/mute = 0
2026-08-21T05:52:25.730Z DEBUG OSC out: /1/globalMute = 0
2026-08-21T05:52:27.739Z DEBUG OSC out: /2/mute = 0
2026-08-21T05:52:27.739Z DEBUG OSC out: /1/globalMute = 0
2026-08-21T05:52:27.740Z DEBUG OSC out: /2/mute = 0
2026-08-21T05:52:27.740Z DEBUG OSC out: /1/globalMute = 0
2026-08-21T05:52:29.751Z DEBUG OSC out: /2/mute = 0
2026-08-21T05:52:29.751Z DEBUG OSC out: /1/globalMute = 0
2026-08-21T05:52:29.752Z DEBUG OSC out: /2/mute = 0
2026-08-21T05:52:29.752Z DEBUG OSC out: /1/globalMute = 0
2026-08-21T05:52:31.759Z DEBUG OSC out: /2/mute = 0
2026-08-21T05:52:31.760Z DEBUG OSC out: /1/globalMute = 0
2026-08-21T05:52:31.760Z DEBUG OSC out: /2/mute = 0
2026-08-21T05:52:31.761Z DEBUG OSC out: /1/globalMute = 0
2026-08-21T05:52:33.770Z DEBUG OSC out: /2/mute = 0
2026-08-21T05:52:33.771Z DEBUG OSC out: /1/globalMute = 0
2026-08-21T05:52:33.771Z DEBUG OSC out: /2/mute = 0
2026-08-21T05:52:33.771Z DEBUG OSC out: /1/globalMute = 0
2026-08-21T05:52:35.784Z DEBUG OSC out: /2/mute = 0
2026-08-21T05:52:35.784Z DEBUG OSC out: /1/globalMute = 0
2026-08-21T05:52:35.785Z DEBUG OSC out: /2/mute = 0
2026-08-21T05:52:35.785Z DEBUG OSC out: /1/globalMute = 0
2026-08-21T05:52:37.786Z DEBUG OSC out: /2/mute = 0
2026-08-21T05:52:37.786Z DEBUG OSC out: /1/globalMute = 0
2026-08-21T05:52:37.786Z DEBUG OSC out: /2/mute = 0
2026-08-21T05:52:37.787Z DEBUG OSC out: /1/globalMute = 0
2026-08-21T05:52:39.793Z DEBUG OSC out: /2/mute = 0
2026-08-21T05:52:39.793Z DEBUG OSC out: /1/globalMute = 0
2026-08-21T05:52:39.794Z DEBUG OSC out: /2/mute = 0
2026-08-21T05:52:39.794Z DEBUG OSC out: /1/globalMute = 0
2026-08-21T05:52:41.793Z DEBUG OSC out: /2/mute = 0
2026-08-21T05:52:41.794Z DEBUG OSC out: /1/globalMute = 0
2026-08-21T05:52:41.794Z DEBUG OSC out: /2/mute = 0
2026-08-21T05:52:41.795Z DEBUG OSC out: /1/globalMute = 0
2026-08-21T05:52:43.806Z DEBUG OSC out: /2/mute = 0
2026-08-21T05:52:43.807Z DEBUG OSC out: /1/globalMute = 0
2026-08-21T05:52:43.807Z DEBUG OSC out: /2/mute = 0
2026-08-21T05:52:43.808Z DEBUG OSC out: /1/globalMute = 0
2026-08-21T05:52:45.816Z DEBUG OSC out: /2/mute = 0
2026-08-21T05:52:45.817Z DEBUG OSC out: /1/globalMute = 0
2026-08-21T05:52:45.817Z DEBUG OSC out: /2/mute = 0
2026-08-21T05:52:45.817Z DEBUG OSC out: /1/globalMute = 0
2026-08-21T05:52:47.826Z DEBUG OSC out: /2/mute = 0
2026-08-21T05:52:47.827Z DEBUG OSC out: /1/globalMute = 0
2026-08-21T05:52:47.828Z DEBUG OSC out: /2/mute = 0
2026-08-21T05:52:47.828Z DEBUG OSC out: /1/globalMute = 0
2026-08-21T05:52:49.833Z DEBUG OSC out: /2/mute = 0
2026-08-21T05:52:49.834Z DEBUG OSC out: /1/globalMute = 0
2026-08-21T05:52:49.834Z DEBUG OSC out: /2/mute = 0
2026-08-21T05:52:49.835Z DEBUG OSC out: /1/globalMute = 0
2026-08-21T05:52:51.840Z DEBUG OSC out: /2/mute = 0
2026-08-21T05:52:51.840Z DEBUG OSC out: /1/globalMute = 0
2026-08-21T05:52:51.841Z DEBUG OSC out: /2/mute = 0
2026-08-21T05:52:51.841Z DEBUG OSC out: /1/globalMute = 0
2026-08-21T05:52:53.848Z DEBUG OSC out: /2/mute = 0
2026-08-21T05:52:53.848Z DEBUG OSC out: /1/globalMute = 0
2026-08-21T05:52:53.849Z DEBUG OSC out: /2/mute = 0
2026-08-21T05:52:53.849Z DEBUG OSC out: /1/globalMute = 0
2026-08-21T05:52:55.852Z DEBUG OSC out: /2/mute = 0
2026-08-21T05:52:55.853Z DEBUG OSC out: /1/globalMute = 0
2026-08-21T05:52:55.853Z DEBUG OSC out: /2/mute = 0
2026-08-21T05:52:55.854Z DEBUG OSC out: /1/globalMute = 0
2026-08-21T05:52:57.867Z DEBUG OSC out: /2/mute = 0
2026-08-21T05:52:57.867Z DEBUG OSC out: /1/globalMute = 0
2026-08-21T05:52:57.868Z DEBUG OSC out: /2/mute = 0
2026-08-21T05:52:57.868Z DEBUG OSC out: /1/globalMute = 0
2026-08-21T05:52:59.877Z DEBUG OSC out: /2/mute = 0
2026-08-21T05:52:59.878Z DEBUG OSC out: /1/globalMute = 0
2026-08-21T05:52:59.878Z DEBUG OSC out: /2/mute = 0
2026-08-21T05:52:59.879Z DEBUG OSC out: /1/globalMute = 0
2026-08-21T05:53:01.889Z DEBUG OSC out: /2/mute = 0
2026-08-21T05:53:01.890Z DEBUG OSC out: /1/globalMute = 0
2026-08-21T05:53:01.890Z DEBUG OSC out: /2/mute = 0
2026-08-21T05:53:01.891Z DEBUG OSC out: /1/globalMute = 0
2026-08-21T05:53:03.902Z DEBUG OSC out: /2/mute = 0
2026-08-21T05:53:03.902Z DEBUG OSC out: /1/globalMute = 0
2026-08-21T05:53:03.903Z DEBUG OSC out: /2/mute = 0
2026-08-21T05:53:03.903Z DEBUG OSC out: /1/globalMute = 0
2026-08-21T05:53:05.906Z DEBUG OSC out: /2/mute = 0
2026-08-21T05:53:05.907Z DEBUG OSC out: /1/globalMute = 0
2026-08-21T05:53:05.907Z DEBUG OSC out: /2/mute = 0
2026-08-21T05:53:05.908Z DEBUG OSC out: /1/globalMute = 0
2026-08-21T05:53:07.909Z DEBUG OSC out: /2/mute = 0
2026-08-21T05:53:07.909Z DEBUG OSC out: /1/globalMute = 0
2026-08-21T05:53:07.910Z DEBUG OSC out: /2/mute = 0
2026-08-21T05:53:07.910Z DEBUG OSC out: /1/globalMute = 0
2026-08-21T05:53:09.911Z DEBUG OSC out: /2/mute = 0
2026-08-21T05:53:09.912Z DEBUG OSC out: /1/globalMute = 0
2026-08-21T05:53:09.912Z DEBUG OSC out: /2/mute = 0
2026-08-21T05:53:09.912Z DEBUG OSC out: /1/globalMute = 0
2026-08-21T05:53:11.918Z DEBUG OSC out: /2/mute = 0
2026-08-21T05:53:11.918Z DEBUG OSC out: /1/globalMute = 0
2026-08-21T05:53:11.918Z DEBUG OSC out: /2/mute = 0
2026-08-21T05:53:11.919Z DEBUG OSC out: /1/globalMute = 0
