2026-08-21T05:27:27.114Z DEBUG RegistrationParameters: port=28196
2026-08-21T05:27:27.115Z DEBUG RegistrationParameters: pluginUUID=cc9e1fcd76a55bf7a91aeda85a8ba483
2026-08-21T05:27:27.115Z DEBUG RegistrationParameters: registerEvent=registerPlugin
2026-08-21T05:27:27.116Z DEBUG RegistrationParameters: info={"application":{"font":"Segoe UI","language":"en","platform":"windows","platformVersion":"10.0.26200","version":"7.5.1.22901"},"colors":{"buttonMouseOverBackgroundColor":"#464646FF","buttonPressedBackgroundColor":"#303030FF","buttonPressedBorderColor":"#646464FF","buttonPressedTextColor":"#969696FF","highlightColor":"#0078FFFF"},"devicePixelRatio":2,"devices":[{"id":"7ae7bef350ffc4822837a57722daeaf4","name":"Stream Deck 2","size":{"columns":5,"rows":3},"type":0},{"id":"812b91a5ea91c62276f6e5c7321a879e","name":"Stream Deck +","size":{"columns":4,"rows":2},"type":7},{"id":"8f6b710af0272c2a9f3bccf4004e44bc","name":"Stream Deck 64","size":{"columns":5,"rows":3},"type":0}],"plugin":{"uuid":"de.shells.totalmix","version":"4.0.7.0"}}
2026-08-21T05:27:28.724Z INFO  Listening for TotalMix on udp/9001, sending to 127.0.0.1:7001
2026-08-21T05:27:28.726Z DEBUG OSC out: /2/mute = 0
2026-08-21T05:27:28.727Z DEBUG OSC out: /1/globalMute = 0
2026-08-21T05:27:28.758Z INFO  First inbound OSC: 19 message(s). Sample: /1/labelS1, /1/labelS2, /1/labelS3, /1/labelS4, /1/labelS5, /1/labelS6, /1/labelS7, /1/labelS8
2026-08-21T05:27:29.125Z DEBUG OSC out: /1/busPlayback = 1
2026-08-21T05:27:30.024Z DEBUG OSC out: /1/busInput = 1
2026-08-21T05:32:58.061Z WARN  No OSC from TotalMix for 6s — re-requesting page 1.
2026-08-21T05:32:58.061Z DEBUG OSC out: /2/mute = 0
2026-08-21T05:32:58.062Z DEBUG OSC out: /1/globalMute = 0
2026-08-21T05:33:00.068Z DEBUG OSC out: /2/mute = 0
2026-08-21T05:33:00.068Z DEBUG OSC out: /1/globalMute = 0
2026-08-21T05:33:02.079Z DEBUG OSC out: /2/mute = 0
2026-08-21T05:33:02.079Z DEBUG OSC out: /1/globalMute = 0
2026-08-21T05:33:04.081Z DEBUG OSC out: /2/mute = 0
2026-08-21T05:33:04.082Z DEBUG OSC out: /1/globalMute = 0
2026-08-21T05:33:06.093Z DEBUG OSC out: /2/mute = 0
2026-08-21T05:33:06.094Z DEBUG OSC out: /1/globalMute = 0
2026-08-21T05:33:08.095Z DEBUG OSC out: /2/mute = 0
2026-08-21T05:33:08.095Z DEBUG OSC out: /1/globalMute = 0
2026-08-21T05:33:10.097Z DEBUG OSC out: /2/mute = 0
2026-08-21T05:33:10.098Z DEBUG OSC out: /1/globalMute = 0
2026-08-21T05:33:12.109Z DEBUG OSC out: /2/mute = 0
2026-08-21T05:33:12.109Z DEBUG OSC out: /1/globalMute = 0
2026-08-21T05:33:14.122Z DEBUG OSC out: /2/mute = 0
2026-08-21T05:33:14.123Z DEBUG OSC out: /1/globalMute = 0
2026-08-21T05:33:16.138Z DEBUG OSC out: /2/mute = 0
2026-08-21T05:33:16.138Z DEBUG OSC out: /1/globalMute = 0
2026-08-21T05:33:18.142Z DEBUG OSC out: /2/mute = 0
2026-08-21T05:33:18.143Z DEBUG OSC out: /1/globalMute = 0
2026-08-21T05:33:20.150Z DEBUG OSC out: /2/mute = 0
2026-08-21T05:33:20.150Z DEBUG OSC out: /1/globalMute = 0
2026-08-21T05:33:22.156Z DEBUG OSC out: /2/mute = 0
2026-08-21T05:33:22.156Z DEBUG OSC out: /1/globalMute = 0
2026-08-21T05:33:24.158Z DEBUG OSC out: /2/mute = 0
2026-08-21T05:33:24.158Z DEBUG OSC out: /1/globalMute = 0
2026-08-21T05:33:26.172Z DEBUG OSC out: /2/mute = 0
2026-08-21T05:33:26.172Z DEBUG OSC out: /1/globalMute = 0
2026-08-21T05:33:28.185Z DEBUG OSC out: /2/mute = 0
2026-08-21T05:33:28.186Z DEBUG OSC out: /1/globalMute = 0
2026-08-21T05:33:30.189Z DEBUG OSC out: /2/mute = 0
2026-08-21T05:33:30.189Z DEBUG OSC out: /1/globalMute = 0
2026-08-21T05:33:32.189Z DEBUG OSC out: /2/mute = 0
2026-08-21T05:33:32.190Z DEBUG OSC out: /1/globalMute = 0
2026-08-21T05:33:34.196Z DEBUG OSC out: /2/mute = 0
2026-08-21T05:33:34.196Z DEBUG OSC out: /1/globalMute = 0
2026-08-21T05:33:36.210Z DEBUG OSC out: /2/mute = 0
2026-08-21T05:33:36.210Z DEBUG OSC out: /1/globalMute = 0
2026-08-21T05:33:38.214Z DEBUG OSC out: /2/mute = 0
2026-08-21T05:33:38.215Z DEBUG OSC out: /1/globalMute = 0
2026-08-21T05:33:40.220Z DEBUG OSC out: /2/mute = 0
2026-08-21T05:33:40.220Z DEBUG OSC out: /1/globalMute = 0
2026-08-21T05:33:42.224Z DEBUG OSC out: /2/mute = 0
2026-08-21T05:33:42.224Z DEBUG OSC out: /1/globalMute = 0
2026-08-21T05:33:44.232Z DEBUG OSC out: /2/mute = 0
2026-08-21T05:33:44.232Z DEBUG OSC out: /1/globalMute = 0
2026-08-21T05:33:46.233Z DEBUG OSC out: /2/mute = 0
2026-08-21T05:33:46.233Z DEBUG OSC out: /1/globalMute = 0
2026-08-21T05:33:48.245Z DEBUG OSC out: /2/mute = 0
2026-08-21T05:33:48.245Z DEBUG OSC out: /1/globalMute = 0
2026-08-21T05:33:50.259Z DEBUG OSC out: /2/mute = 0
2026-08-21T05:33:50.259Z DEBUG OSC out: /1/globalMute = 0
2026-08-21T05:33:52.273Z DEBUG OSC out: /2/mute = 0
2026-08-21T05:33:52.274Z DEBUG OSC out: /1/globalMute = 0
2026-08-21T05:33:54.274Z DEBUG OSC out: /2/mute = 0
2026-08-21T05:33:54.274Z DEBUG OSC out: /1/globalMute = 0
2026-08-21T05:33:56.280Z DEBUG OSC out: /2/mute = 0
2026-08-21T05:33:56.280Z DEBUG OSC out: /1/globalMute = 0
2026-08-21T05:33:58.290Z DEBUG OSC out: /2/mute = 0
2026-08-21T05:33:58.290Z DEBUG OSC out: /1/globalMute = 0
2026-08-21T05:34:00.303Z DEBUG OSC out: /2/mute = 0
2026-08-21T05:34:00.303Z DEBUG OSC out: /1/globalMute = 0
2026-08-21T05:34:02.316Z DEBUG OSC out: /2/mute = 0
2026-08-21T05:34:02.316Z DEBUG OSC out: /1/globalMute = 0
2026-08-21T05:34:04.316Z DEBUG OSC out: /2/mute = 0
2026-08-21T05:34:04.316Z DEBUG OSC out: /1/globalMute = 0
2026-08-21T05:34:06.327Z DEBUG OSC out: /2/mute = 0
2026-08-21T05:34:06.328Z DEBUG OSC out: /1/globalMute = 0
2026-08-21T05:34:08.339Z DEBUG OSC out: /2/mute = 0
2026-08-21T05:34:08.340Z DEBUG OSC out: /1/globalMute = 0
2026-08-21T05:34:10.354Z DEBUG OSC out: /2/mute = 0
2026-08-21T05:34:10.354Z DEBUG OSC out: /1/globalMute = 0
2026-08-21T05:34:12.370Z DEBUG OSC out: /2/mute = 0
2026-08-21T05:34:12.370Z DEBUG OSC out: /1/globalMute = 0
2026-08-21T05:34:14.384Z DEBUG OSC out: /2/mute = 0
2026-08-21T05:34:14.384Z DEBUG OSC out: /1/globalMute = 0
2026-08-21T05:34:16.387Z DEBUG OSC out: /2/mute = 0
2026-08-21T05:34:16.388Z DEBUG OSC out: /1/globalMute = 0
2026-08-21T05:34:18.390Z DEBUG OSC out: /2/mute = 0
2026-08-21T05:34:18.390Z DEBUG OSC out: /1/globalMute = 0
2026-08-21T05:34:20.401Z DEBUG OSC out: /2/mute = 0
2026-08-21T05:34:20.401Z DEBUG OSC out: /1/globalMute = 0
2026-08-21T05:34:22.408Z DEBUG OSC out: /2/mute = 0
2026-08-21T05:34:22.408Z DEBUG OSC out: /1/globalMute = 0
2026-08-21T05:34:24.413Z DEBUG OSC out: /2/mute = 0
2026-08-21T05:34:24.413Z DEBUG OSC out: /1/globalMute = 0
2026-08-21T05:34:26.425Z DEBUG OSC out: /2/mute = 0
2026-08-21T05:34:26.426Z DEBUG OSC out: /1/globalMute = 0
