2026-08-22T19:21:57.374Z DEBUG RegistrationParameters: port=28196
2026-08-22T19:21:57.375Z DEBUG RegistrationParameters: pluginUUID=12b63f6f20be882050ad2cde0b85a66d
2026-08-22T19:21:57.376Z DEBUG RegistrationParameters: registerEvent=registerPlugin
2026-08-22T19:21:57.376Z DEBUG RegistrationParameters: info={"application":{"font":"Segoe UI","language":"en","platform":"windows","platformVersion":"10.0.26200","version":"7.5.1.22901"},"colors":{"buttonMouseOverBackgroundColor":"#464646FF","buttonPressedBackgroundColor":"#303030FF","buttonPressedBorderColor":"#646464FF","buttonPressedTextColor":"#969696FF","highlightColor":"#0078FFFF"},"devicePixelRatio":2,"devices":[{"id":"7ae7bef350ffc4822837a57722daeaf4","name":"Stream Deck 2","size":{"columns":5,"rows":3},"type":0},{"id":"812b91a5ea91c62276f6e5c7321a879e","name":"Stream Deck +","size":{"columns":4,"rows":2},"type":7},{"id":"8f6b710af0272c2a9f3bccf4004e44bc","name":"Stream Deck 64","size":{"columns":5,"rows":3},"type":0}],"plugin":{"uuid":"de.shellsdw.totalmix2","version":"4.2.1.0"}}
2026-08-22T19:22:04.628Z INFO  Listening for TotalMix on udp/9001, sending to 127.0.0.1:7001
2026-08-22T19:22:04.629Z DEBUG OSC out: /2/mute = 0
2026-08-22T19:22:04.629Z DEBUG OSC out: /1/globalMute = 0
2026-08-22T19:22:04.643Z INFO  First inbound OSC: 19 message(s). Sample: /1/labelS1, /1/labelS2, /1/labelS3, /1/labelS4, /1/labelS5, /1/labelS6, /1/labelS7, /1/labelS8
2026-08-22T19:22:05.123Z INFO  PI -> plugin: {"event":"getStrips"}
2026-08-22T19:22:05.387Z INFO  Datasource reply: 24 strips, 16 with names
2026-08-22T19:22:11.886Z INFO  PI -> plugin: {"event":"getStrips"}
2026-08-22T19:22:12.151Z INFO  Datasource reply: 24 strips, 16 with names
2026-08-22T19:22:13.960Z DEBUG OSC out: /1/busInput = 1
2026-08-22T19:22:19.617Z INFO  PI -> plugin: {"event":"getStrips"}
2026-08-22T19:22:19.884Z INFO  Datasource reply: 24 strips, 16 with names
2026-08-22T19:22:24.408Z DEBUG OSC out: /1/busPlayback = 1
2026-08-22T19:22:25.560Z INFO  PI -> plugin: {"event":"getStrips","isRefresh":true}
2026-08-22T19:22:25.561Z DEBUG OSC out: /1/busPlayback = 1
2026-08-22T19:22:25.815Z INFO  Datasource reply: 24 strips, 16 with names
2026-08-22T19:22:36.916Z INFO  PI -> plugin: {"event":"getStrips"}
2026-08-22T19:22:37.175Z INFO  Datasource reply: 24 strips, 16 with names
2026-08-22T19:22:42.981Z INFO  PI -> plugin: {"event":"getStrips","isRefresh":true}
2026-08-22T19:22:42.982Z DEBUG OSC out: /1/busPlayback = 1
2026-08-22T19:22:43.237Z INFO  Datasource reply: 24 strips, 16 with names
2026-08-22T19:22:55.896Z INFO  PI -> plugin: {"event":"getStrips"}
2026-08-22T19:22:55.897Z DEBUG OSC out: /1/busPlayback = 1
2026-08-22T19:22:56.163Z INFO  Datasource reply: 24 strips, 16 with names
2026-08-22T19:23:07.305Z INFO  PI -> plugin: {"event":"getStrips","isRefresh":true}
2026-08-22T19:23:07.306Z DEBUG OSC out: /1/busInput = 1
2026-08-22T19:23:07.568Z INFO  Datasource reply: 24 strips, 16 with names
2026-08-22T19:23:43.734Z INFO  PI -> plugin: {"event":"getStrips"}
2026-08-22T19:23:43.987Z INFO  Datasource reply: 24 strips, 16 with names
2026-08-22T19:23:48.245Z INFO  PI -> plugin: {"event":"getStrips","isRefresh":true}
2026-08-22T19:23:48.507Z INFO  Datasource reply: 24 strips, 16 with names
2026-08-22T19:26:23.397Z INFO  PI -> plugin: {"event":"getStrips"}
2026-08-22T19:26:23.661Z INFO  Datasource reply: 24 strips, 16 with names
