2026-08-21T09:40:42.894Z DEBUG RegistrationParameters: port=28196
2026-08-21T09:40:42.895Z DEBUG RegistrationParameters: pluginUUID=8a32a91e380ffc6d96e9a944f9592780
2026-08-21T09:40:42.896Z DEBUG RegistrationParameters: registerEvent=registerPlugin
2026-08-21T09:40:42.896Z DEBUG RegistrationParameters: info={"application":{"font":"Segoe UI","language":"en","platform":"windows","platformVersion":"10.0.26200","version":"7.5.1.22901"},"colors":{"buttonMouseOverBackgroundColor":"#464646FF","buttonPressedBackgroundColor":"#303030FF","buttonPressedBorderColor":"#646464FF","buttonPressedTextColor":"#969696FF","highlightColor":"#0078FFFF"},"devicePixelRatio":2,"devices":[{"id":"7ae7bef350ffc4822837a57722daeaf4","name":"Stream Deck 2","size":{"columns":5,"rows":3},"type":0},{"id":"812b91a5ea91c62276f6e5c7321a879e","name":"Stream Deck +","size":{"columns":4,"rows":2},"type":7},{"id":"8f6b710af0272c2a9f3bccf4004e44bc","name":"Stream Deck 64","size":{"columns":5,"rows":3},"type":0}],"plugin":{"uuid":"de.shells.totalmix","version":"4.2.1.0"}}
2026-08-21T09:40:44.565Z INFO  Listening for TotalMix on udp/9001, sending to 127.0.0.1:7001
2026-08-21T09:40:45.135Z DEBUG OSC out: /2/mute = 0
2026-08-21T09:40:45.136Z DEBUG OSC out: /1/globalMute = 0
2026-08-21T09:40:47.147Z DEBUG OSC out: /2/mute = 0
2026-08-21T09:40:47.148Z DEBUG OSC out: /1/globalMute = 0
2026-08-21T09:40:49.156Z DEBUG OSC out: /2/mute = 0
2026-08-21T09:40:49.156Z DEBUG OSC out: /1/globalMute = 0
2026-08-21T09:40:51.164Z DEBUG OSC out: /2/mute = 0
2026-08-21T09:40:51.164Z DEBUG OSC out: /1/globalMute = 0
2026-08-21T09:40:53.174Z DEBUG OSC out: /2/mute = 0
2026-08-21T09:40:53.175Z DEBUG OSC out: /1/globalMute = 0
2026-08-21T09:40:55.177Z DEBUG OSC out: /2/mute = 0
2026-08-21T09:40:55.178Z DEBUG OSC out: /1/globalMute = 0
2026-08-21T09:40:57.178Z DEBUG OSC out: /2/mute = 0
2026-08-21T09:40:57.178Z DEBUG OSC out: /1/globalMute = 0
2026-08-21T09:40:59.189Z DEBUG OSC out: /2/mute = 0
2026-08-21T09:40:59.189Z DEBUG OSC out: /1/globalMute = 0
2026-08-21T09:41:01.197Z DEBUG OSC out: /2/mute = 0
2026-08-21T09:41:01.197Z DEBUG OSC out: /1/globalMute = 0
2026-08-21T09:41:03.211Z DEBUG OSC out: /2/mute = 0
2026-08-21T09:41:03.212Z DEBUG OSC out: /1/globalMute = 0
2026-08-21T09:41:05.218Z DEBUG OSC out: /2/mute = 0
2026-08-21T09:41:05.218Z DEBUG OSC out: /1/globalMute = 0
2026-08-21T09:41:07.231Z DEBUG OSC out: /2/mute = 0
2026-08-21T09:41:07.231Z DEBUG OSC out: /1/globalMute = 0
2026-08-21T09:41:09.233Z DEBUG OSC out: /2/mute = 0
2026-08-21T09:41:09.233Z DEBUG OSC out: /1/globalMute = 0
2026-08-21T09:41:11.235Z DEBUG OSC out: /2/mute = 0
2026-08-21T09:41:11.236Z DEBUG OSC out: /1/globalMute = 0
2026-08-21T09:41:13.245Z DEBUG OSC out: /2/mute = 0
2026-08-21T09:41:13.246Z DEBUG OSC out: /1/globalMute = 0
2026-08-21T09:41:15.254Z DEBUG OSC out: /2/mute = 0
2026-08-21T09:41:15.254Z DEBUG OSC out: /1/globalMute = 0
2026-08-21T09:41:17.263Z DEBUG OSC out: /2/mute = 0
2026-08-21T09:41:17.264Z DEBUG OSC out: /1/globalMute = 0
