2026-08-22T19:16:29.798Z DEBUG RegistrationParameters: port=28196
2026-08-22T19:16:29.799Z DEBUG RegistrationParameters: pluginUUID=7c60d2a01630fa00b512e93d243aec9c
2026-08-22T19:16:29.799Z DEBUG RegistrationParameters: registerEvent=registerPlugin
2026-08-22T19:16:29.800Z DEBUG RegistrationParameters: info={"application":{"font":"Segoe UI","language":"en","platform":"windows","platformVersion":"10.0.26200","version":"7.5.1.22901"},"colors":{"buttonMouseOverBackgroundColor":"#464646FF","buttonPressedBackgroundColor":"#303030FF","buttonPressedBorderColor":"#646464FF","buttonPressedTextColor":"#969696FF","highlightColor":"#0078FFFF"},"devicePixelRatio":2,"devices":[{"id":"7ae7bef350ffc4822837a57722daeaf4","name":"Stream Deck 2","size":{"columns":5,"rows":3},"type":0},{"id":"812b91a5ea91c62276f6e5c7321a879e","name":"Stream Deck +","size":{"columns":4,"rows":2},"type":7},{"id":"8f6b710af0272c2a9f3bccf4004e44bc","name":"Stream Deck 64","size":{"columns":5,"rows":3},"type":0}],"plugin":{"uuid":"de.shells.totalmix2","version":"4.2.1.0"}}
2026-08-22T19:16:41.914Z INFO  Listening for TotalMix on udp/9001, sending to 127.0.0.1:7001
2026-08-22T19:16:41.915Z DEBUG OSC out: /2/mute = 0
2026-08-22T19:16:41.915Z DEBUG OSC out: /1/globalMute = 0
2026-08-22T19:16:41.920Z INFO  First inbound OSC: 19 message(s). Sample: /1/labelS1, /1/labelS2, /1/labelS3, /1/labelS4, /1/labelS5, /1/labelS6, /1/labelS7, /1/labelS8
2026-08-22T19:16:43.102Z INFO  PI -> plugin: {"event":"getStrips"}
2026-08-22T19:16:43.368Z INFO  Datasource reply: 24 strips, 16 with names
2026-08-22T19:16:48.028Z DEBUG OSC out: /1/busInput = 1
2026-08-22T19:16:48.418Z INFO  PI -> plugin: {"event":"getStrips","isRefresh":true}
2026-08-22T19:16:48.419Z DEBUG OSC out: /1/busInput = 1
2026-08-22T19:16:48.675Z INFO  Datasource reply: 24 strips, 16 with names
2026-08-22T19:16:59.446Z INFO  PI -> plugin: {"event":"getStrips"}
2026-08-22T19:16:59.713Z INFO  Datasource reply: 24 strips, 16 with names
2026-08-22T19:17:05.369Z INFO  PI -> plugin: {"event":"getStrips"}
2026-08-22T19:17:05.624Z INFO  Datasource reply: 24 strips, 16 with names
2026-08-22T19:17:16.194Z DEBUG OSC out: /1/busPlayback = 1
2026-08-22T19:17:16.602Z INFO  PI -> plugin: {"event":"getStrips","isRefresh":true}
2026-08-22T19:17:16.603Z DEBUG OSC out: /1/busPlayback = 1
2026-08-22T19:17:16.868Z INFO  Datasource reply: 24 strips, 16 with names
2026-08-22T19:17:23.251Z INFO  PI -> plugin: {"event":"getStrips"}
2026-08-22T19:17:23.514Z INFO  Datasource reply: 24 strips, 16 with names
2026-08-22T19:17:27.172Z INFO  PI -> plugin: {"event":"getStrips","isRefresh":true}
2026-08-22T19:17:27.173Z DEBUG OSC out: /1/busPlayback = 1
2026-08-22T19:17:27.437Z INFO  Datasource reply: 24 strips, 16 with names
2026-08-22T19:17:42.822Z INFO  PI -> plugin: {"event":"getStrips"}
2026-08-22T19:17:42.823Z DEBUG OSC out: /1/busPlayback = 1
2026-08-22T19:17:43.089Z INFO  Datasource reply: 24 strips, 16 with names
2026-08-22T19:17:58.087Z INFO  PI -> plugin: {"event":"getStrips"}
2026-08-22T19:17:58.088Z DEBUG OSC out: /1/busPlayback = 1
2026-08-22T19:17:58.351Z INFO  Datasource reply: 24 strips, 16 with names
2026-08-22T19:18:02.420Z INFO  PI -> plugin: {"event":"getStrips"}
2026-08-22T19:18:02.677Z INFO  Datasource reply: 24 strips, 16 with names
2026-08-22T19:18:12.435Z INFO  PI -> plugin: {"event":"getStrips"}
2026-08-22T19:18:12.700Z INFO  Datasource reply: 24 strips, 16 with names
2026-08-22T19:18:18.087Z INFO  PI -> plugin: {"event":"getStrips","isRefresh":true}
2026-08-22T19:18:18.088Z DEBUG OSC out: /1/busInput = 1
2026-08-22T19:18:18.351Z INFO  Datasource reply: 24 strips, 16 with names
2026-08-22T19:18:28.604Z INFO  PI -> plugin: {"event":"getStrips"}
2026-08-22T19:18:28.869Z INFO  Datasource reply: 24 strips, 16 with names
