2026-08-21T09:41:18.327Z DEBUG RegistrationParameters: port=28196
2026-08-21T09:41:18.328Z DEBUG RegistrationParameters: pluginUUID=42f92d1a692d67b1818073be95a49438
2026-08-21T09:41:18.329Z DEBUG RegistrationParameters: registerEvent=registerPlugin
2026-08-21T09:41:18.329Z DEBUG RegistrationParameters: info={"application":{"font":"Segoe UI","language":"en","platform":"windows","platformVersion":"10.0.26200","version":"7.5.1.22901"},"colors":{"buttonMouseOverBackgroundColor":"#464646FF","buttonPressedBackgroundColor":"#303030FF","buttonPressedBorderColor":"#646464FF","buttonPressedTextColor":"#969696FF","highlightColor":"#0078FFFF"},"devicePixelRatio":2,"devices":[{"id":"7ae7bef350ffc4822837a57722daeaf4","name":"Stream Deck 2","size":{"columns":5,"rows":3},"type":0},{"id":"812b91a5ea91c62276f6e5c7321a879e","name":"Stream Deck +","size":{"columns":4,"rows":2},"type":7},{"id":"8f6b710af0272c2a9f3bccf4004e44bc","name":"Stream Deck 64","size":{"columns":5,"rows":3},"type":0}],"plugin":{"uuid":"de.shells.totalmix","version":"4.2.1.0"}}
2026-08-21T09:41:18.349Z INFO  Listening for TotalMix on udp/9001, sending to 127.0.0.1:7001
2026-08-21T09:41:18.350Z DEBUG OSC out: /2/mute = 0
2026-08-21T09:41:18.351Z DEBUG OSC out: /1/globalMute = 0
2026-08-21T09:41:20.361Z DEBUG OSC out: /2/mute = 0
2026-08-21T09:41:20.362Z DEBUG OSC out: /1/globalMute = 0
2026-08-21T09:41:22.374Z DEBUG OSC out: /2/mute = 0
2026-08-21T09:41:22.374Z DEBUG OSC out: /1/globalMute = 0
2026-08-21T09:41:23.483Z INFO  PI -> plugin: {"event":"getStrips"}
2026-08-21T09:41:23.751Z INFO  Datasource reply: 24 strips, 0 with names
2026-08-21T09:41:24.383Z DEBUG OSC out: /2/mute = 0
2026-08-21T09:41:24.384Z DEBUG OSC out: /1/globalMute = 0
2026-08-21T09:41:26.389Z DEBUG OSC out: /2/mute = 0
2026-08-21T09:41:26.389Z DEBUG OSC out: /1/globalMute = 0
2026-08-21T09:41:28.402Z DEBUG OSC out: /2/mute = 0
2026-08-21T09:41:28.402Z DEBUG OSC out: /1/globalMute = 0
2026-08-21T09:41:30.404Z DEBUG OSC out: /2/mute = 0
2026-08-21T09:41:30.404Z DEBUG OSC out: /1/globalMute = 0
2026-08-21T09:41:32.409Z DEBUG OSC out: /2/mute = 0
2026-08-21T09:41:32.410Z DEBUG OSC out: /1/globalMute = 0
2026-08-21T09:41:34.423Z DEBUG OSC out: /2/mute = 0
2026-08-21T09:41:34.423Z DEBUG OSC out: /1/globalMute = 0
2026-08-21T09:41:36.437Z DEBUG OSC out: /2/mute = 0
2026-08-21T09:41:36.438Z DEBUG OSC out: /1/globalMute = 0
2026-08-21T09:41:38.446Z DEBUG OSC out: /2/mute = 0
2026-08-21T09:41:38.446Z DEBUG OSC out: /1/globalMute = 0
2026-08-21T09:41:40.446Z DEBUG OSC out: /2/mute = 0
2026-08-21T09:41:40.446Z DEBUG OSC out: /1/globalMute = 0
